[www.alliancehighschool.ac.ke/index.html]
[backblue.gif]
[fade.gif]
[index.html]
[www.alliancehighschool.ac.ke/wp-content/uploads/blocksy/css/global885f.css]
[www.alliancehighschool.ac.ke/comments/feed/index.html]
[www.alliancehighschool.ac.ke/wp-content/plugins/embed-pdf-viewer/css/embed-pdf-viewerb6a4.css]
[www.alliancehighschool.ac.ke/wp-content/plugins/elementor/assets/css/frontend-lite.mina3be.css]
[www.alliancehighschool.ac.ke/wp-content/uploads/elementor/css/post-1826a5b.css]
[www.alliancehighschool.ac.ke/feed/index.html]
[www.alliancehighschool.ac.ke/wp-includes/css/dist/block-library/style.minb6a4.css]
[www.alliancehighschool.ac.ke/wp-includes/css/dist/components/style.minb6a4.css]
[www.alliancehighschool.ac.ke/wp-includes/css/dist/preferences/style.minb6a4.css]
[www.alliancehighschool.ac.ke/wp-includes/css/dist/block-editor/style.minb6a4.css]
[www.alliancehighschool.ac.ke/wp-includes/css/dist/reusable-blocks/style.minb6a4.css]
[www.alliancehighschool.ac.ke/wp-includes/css/dist/patterns/style.minb6a4.css]
[www.alliancehighschool.ac.ke/wp-content/plugins/embedpress/Gutenberg/dist/blocks.style.build8ba2.css]
[www.alliancehighschool.ac.ke/wp-content/plugins/embedpress/assets/css/embedpressb6a4.css]
[www.alliancehighschool.ac.ke/wp-content/plugins/elementskit-lite/modules/elementskit-icon-pack/assets/css/ekiticons459e.css]
[www.alliancehighschool.ac.ke/wp-includes/css/dist/editor/style.minb6a4.css]
[www.alliancehighschool.ac.ke/wp-content/plugins/elementor/assets/lib/eicons/css/elementor-icons.min3b94.css]
[www.alliancehighschool.ac.ke/wp-content/plugins/elementor/assets/lib/swiper/v8/css/swiper.min94a4.css]
[www.alliancehighschool.ac.ke/wp-content/uploads/elementor/css/post-1544730.css]
[www.alliancehighschool.ac.ke/wp-content/plugins/embedpress/assets/css/embedpress-elementor3fd0.css]
[www.alliancehighschool.ac.ke/wp-content/uploads/elementor/css/post-16946ad.css]
[www.alliancehighschool.ac.ke/wp-content/plugins/embedpress/assets/css/plyrb6a4.css]
[www.alliancehighschool.ac.ke/wp-includes/css/dashicons.minb6a4.css]
[www.alliancehighschool.ac.ke/wp-content/themes/blocksy/static/bundle/main.min68d7.css]
[www.alliancehighschool.ac.ke/wp-content/themes/blocksy/static/bundle/back-to-top.min68d7.css]
[www.alliancehighschool.ac.ke/wp-content/themes/blocksy/static/bundle/elementor-frontend.min68d7.css]
[www.alliancehighschool.ac.ke/wp-content/plugins/elementskit-lite/widgets/init/assets/css/widget-styles459e.css]
[www.alliancehighschool.ac.ke/wp-content/plugins/elementskit-lite/widgets/init/assets/css/responsive459e.css]
[www.alliancehighschool.ac.ke/wp-content/plugins/elementor/assets/lib/font-awesome/css/fontawesome.min52d5.css]
[www.alliancehighschool.ac.ke/wp-content/plugins/elementor/assets/lib/font-awesome/css/brands.min52d5.css]
[www.alliancehighschool.ac.ke/wp-content/plugins/elementor/assets/lib/font-awesome/css/solid.min52d5.css]
[www.alliancehighschool.ac.ke/wp-content/plugins/elementor/assets/lib/font-awesome/css/regular.min52d5.css]
[www.alliancehighschool.ac.ke/wp-includes/js/jquery/jquery-migrate.min5589.js]
[www.alliancehighschool.ac.ke/wp-includes/js/jquery/jquery.minf43b.js]
[www.alliancehighschool.ac.ke/wp-content/plugins/embedpress/assets/js/plyr.polyfilled68b3.js]
[www.alliancehighschool.ac.ke/wp-json/index.html]
[www.alliancehighschool.ac.ke/wp-json/wp/v2/pages/169.json]
[www.alliancehighschool.ac.ke/xmlrpc0db0.php]
[www.alliancehighschool.ac.ke/wp-json/oembed/1.0/embed7279.json]
[www.alliancehighschool.ac.ke/wp-json/oembed/1.0/embed48fd]
[www.alliancehighschool.ac.ke/wp-content/uploads/2023/03/cropped-Alliance-High-School-Main-Gate-min-32x32.jpg]
[www.alliancehighschool.ac.ke/wp-content/uploads/2023/03/cropped-Alliance-High-School-Main-Gate-min-192x192.jpg]
[www.alliancehighschool.ac.ke/wp-content/uploads/2023/03/cropped-Alliance-High-School-Main-Gate-min-180x180.jpg]
[www.alliancehighschool.ac.ke/wp-content/uploads/2023/03/cropped-logo.png]
[www.alliancehighschool.ac.ke/wp-content/uploads/2023/03/icon_diploma.png]
[www.alliancehighschool.ac.ke/service/index.html]
[www.alliancehighschool.ac.ke/about/index.html]
[www.alliancehighschool.ac.ke/wp-content/uploads/2023/03/icon_professor.png]
[www.alliancehighschool.ac.ke/the-school/index.html]
[www.alliancehighschool.ac.ke/home/index.html]
[www.alliancehighschool.ac.ke/wp-content/uploads/2023/03/icon_materials.png]
[www.alliancehighschool.ac.ke/photo-gallery/index.html]
[www.alliancehighschool.ac.ke/wp-content/uploads/2023/04/gate-scaled.jpg]
[www.alliancehighschool.ac.ke/ahs-tenders/index.html]
[www.alliancehighschool.ac.ke/school-uniform/index.html]
[www.alliancehighschool.ac.ke/wp-content/uploads/2023/03/icon_school.png]
[www.alliancehighschool.ac.ke/contact/index.html]
[www.alliancehighschool.ac.ke/wp-content/uploads/2023/03/logo-235x300.png]
[www.alliancehighschool.ac.ke/wp-content/plugins/elementor/assets/lib/animations/animations.mina3be.css]
[www.alliancehighschool.ac.ke/wp-content/plugins/embedpress/assets/js/pdfobject.min3fd0.js]
[www.alliancehighschool.ac.ke/wp-content/plugins/embedpress/assets/js/initplyr3fd0.js]
[www.alliancehighschool.ac.ke/wp-content/plugins/embedpress/assets/js/front3fd0.js]
[www.alliancehighschool.ac.ke/see-alliance-youtube-channel/index.html]
[www.alliancehighschool.ac.ke/wp-content/plugins/embedpress/assets/js/documents-viewer-script3fd0.js]
[www.alliancehighschool.ac.ke/wp-content/plugins/elementskit-lite/libs/framework/assets/js/frontend-script459e.js]
[www.alliancehighschool.ac.ke/wp-content/themes/blocksy/static/bundle/main68d7.js]
[www.alliancehighschool.ac.ke/wp-content/plugins/elementskit-lite/widgets/init/assets/js/widget-scripts459e.js]
[www.alliancehighschool.ac.ke/wp-content/plugins/elementor/assets/js/webpack.runtime.mina3be.js]
[www.alliancehighschool.ac.ke/wp-content/plugins/elementor/assets/js/frontend-modules.mina3be.js]
[www.alliancehighschool.ac.ke/wp-content/plugins/elementor/assets/lib/waypoints/waypoints.min05da.js]
[www.alliancehighschool.ac.ke/wp-includes/js/jquery/ui/core.minb37e.js]
[www.alliancehighschool.ac.ke/wp-content/plugins/elementor/assets/js/frontend.mina3be.js]
[www.alliancehighschool.ac.ke/wp-content/plugins/elementskit-lite/widgets/init/assets/js/animate-circle.min459e.js]
[www.alliancehighschool.ac.ke/wp-content/plugins/elementskit-lite/widgets/init/assets/js/elementor459e.js]
[www.alliancehighschool.ac.ke/index.html]
[www.alliancehighschool.ac.ke/wp-content/uploads/blocksy/css/global885f.css]
[www.alliancehighschool.ac.ke/wp-content/plugins/embed-pdf-viewer/css/embed-pdf-viewerb6a4.css]
[www.alliancehighschool.ac.ke/wp-content/plugins/elementor/assets/css/frontend-lite.mina3be.css]
[www.alliancehighschool.ac.ke/wp-content/uploads/elementor/css/post-1826a5b.css]
[www.alliancehighschool.ac.ke/wp-includes/css/dist/block-library/style.minb6a4.css]
[www.alliancehighschool.ac.ke/wp-includes/css/dist/components/style.minb6a4.css]
[www.alliancehighschool.ac.ke/wp-includes/css/dist/preferences/style.minb6a4.css]
[www.alliancehighschool.ac.ke/wp-includes/css/dist/block-editor/style.minb6a4.css]
[www.alliancehighschool.ac.ke/wp-includes/css/dist/reusable-blocks/style.minb6a4.css]
[www.alliancehighschool.ac.ke/wp-includes/css/dist/patterns/style.minb6a4.css]
[www.alliancehighschool.ac.ke/wp-includes/css/dist/editor/style.minb6a4.css]
[www.alliancehighschool.ac.ke/wp-content/plugins/algori-pdf-viewer/dist/blocks.style.build.css]
[www.alliancehighschool.ac.ke/wp-content/plugins/embedpress/Gutenberg/dist/blocks.style.build8ba2.css]
[www.alliancehighschool.ac.ke/wp-content/plugins/embedpress/assets/css/embedpressb6a4.css]
[www.alliancehighschool.ac.ke/wp-content/plugins/elementskit-lite/modules/elementskit-icon-pack/assets/fonts/elementskit97ac.woff]
[www.alliancehighschool.ac.ke/wp-content/plugins/elementskit-lite/modules/elementskit-icon-pack/assets/css/ekiticons459e.css]
[www.alliancehighschool.ac.ke/wp-content/plugins/elementor/assets/lib/eicons/fonts/eiconsd6bb.woff2]
[www.alliancehighschool.ac.ke/wp-content/plugins/elementor/assets/lib/eicons/fonts/eiconsd6bb.woff]
[www.alliancehighschool.ac.ke/wp-content/plugins/elementor/assets/lib/eicons/fonts/eiconsd6bb.eot]
[www.alliancehighschool.ac.ke/wp-content/plugins/elementor/assets/lib/eicons/css/elementor-icons.min3b94.css]
[www.alliancehighschool.ac.ke/wp-content/plugins/elementor/assets/lib/swiper/v8/css/swiper.min94a4.css]
[www.alliancehighschool.ac.ke/wp-content/uploads/elementor/css/post-1544730.css]
[www.alliancehighschool.ac.ke/wp-content/plugins/embedpress/assets/css/embedpress-elementor3fd0.css]
[www.alliancehighschool.ac.ke/wp-content/uploads/2023/03/fd-97_261_52730848298_o.jpg]
[www.alliancehighschool.ac.ke/wp-content/plugins/elementor/assets/lib/eicons/fonts/eiconsd6bb.ttf]
[www.alliancehighschool.ac.ke/wp-content/plugins/elementor/assets/lib/eicons/fonts/eiconsd6bb.svg]
[www.alliancehighschool.ac.ke/wp-content/uploads/2023/03/stem_video_background.jpg]
[www.alliancehighschool.ac.ke/wp-content/uploads/2023/03/fd-97_371_52730373266_o.jpg]
[www.alliancehighschool.ac.ke/wp-content/uploads/2023/04/cf-scaled.jpg]
[www.alliancehighschool.ac.ke/wp-content/uploads/2023/03/fd-97_081_52730837713_o.jpg]
[www.alliancehighschool.ac.ke/wp-content/uploads/2023/03/fd-97_033_52730351506_o.jpg]
[www.alliancehighschool.ac.ke/wp-content/uploads/2023/03/fd-97_298_52730850638_o.jpg]
[www.alliancehighschool.ac.ke/wp-content/uploads/2023/03/hands-typing-code-on-laptop.jpg]
[www.alliancehighschool.ac.ke/wp-content/uploads/2023/03/fd-97_234_52730775825_o.jpg]
[www.alliancehighschool.ac.ke/wp-content/uploads/2023/03/pared_small.jpg]
[www.alliancehighschool.ac.ke/wp-content/uploads/2023/03/science-examining-magnifiers.jpg]
[www.alliancehighschool.ac.ke/wp-content/uploads/2023/03/fd-97_176_52730842638_o.jpg]
[www.alliancehighschool.ac.ke/wp-content/uploads/2023/03/fd-97_012_52730762940_o.jpg]
[www.alliancehighschool.ac.ke/wp-content/uploads/2023/03/fd-97_121_52730607589_o.jpg]
[www.alliancehighschool.ac.ke/wp-content/uploads/2023/03/fd-97_426_52730860338_o.jpg]
[www.alliancehighschool.ac.ke/wp-content/uploads/elementor/css/post-16946ad.css]
[www.alliancehighschool.ac.ke/wp-includes/fonts/dashicons7d4b.eot]
[www.alliancehighschool.ac.ke/wp-includes/css/dashicons.minb6a4.css]
[www.alliancehighschool.ac.ke/wp-content/plugins/embedpress/assets/css/plyrb6a4.css]
[www.alliancehighschool.ac.ke/wp-includes/fonts/dashicons7d4b.ttf]
[www.alliancehighschool.ac.ke/wp-content/themes/blocksy/static/fonts/stars.woff2]
[www.alliancehighschool.ac.ke/wp-content/themes/blocksy/static/bundle/main.min68d7.css]
[www.alliancehighschool.ac.ke/wp-content/themes/blocksy/static/bundle/back-to-top.min68d7.css]
[www.alliancehighschool.ac.ke/wp-content/themes/blocksy/static/bundle/elementor-frontend.min68d7.css]
[www.alliancehighschool.ac.ke/wp-content/plugins/elementskit-lite/widgets/init/assets/img/arrow.png]
[www.alliancehighschool.ac.ke/wp-content/plugins/elementskit-lite/widgets/init/assets/img/sort_asc.png]
[www.alliancehighschool.ac.ke/wp-content/plugins/elementskit-lite/widgets/init/assets/img/sort_desc.png]
[www.alliancehighschool.ac.ke/wp-content/plugins/elementskit-lite/widgets/init/assets/img/sort_asc_disabled.png]
[www.alliancehighschool.ac.ke/wp-content/plugins/elementskit-lite/widgets/init/assets/img/cross-out.svg]
[www.alliancehighschool.ac.ke/wp-content/plugins/elementskit-lite/widgets/init/assets/css/widget-styles459e.css]
[www.alliancehighschool.ac.ke/wp-content/plugins/elementskit-lite/widgets/init/assets/css/responsive459e.css]
[www.alliancehighschool.ac.ke/wp-content/plugins/elementor/assets/lib/font-awesome/css/fontawesome.min52d5.css]
[www.alliancehighschool.ac.ke/wp-content/plugins/elementor/assets/lib/font-awesome/webfonts/fa-brands-400.eot]
[www.alliancehighschool.ac.ke/wp-content/plugins/elementor/assets/lib/font-awesome/webfonts/fa-brands-400d41d.eot]
[www.alliancehighschool.ac.ke/wp-content/plugins/elementor/assets/lib/font-awesome/webfonts/fa-brands-400.woff2]
[www.alliancehighschool.ac.ke/wp-content/plugins/elementor/assets/lib/font-awesome/webfonts/fa-brands-400.woff]
[www.alliancehighschool.ac.ke/wp-content/plugins/elementor/assets/lib/font-awesome/css/brands.min52d5.css]
[www.alliancehighschool.ac.ke/wp-content/plugins/elementor/assets/lib/font-awesome/webfonts/fa-brands-400.ttf]
[www.alliancehighschool.ac.ke/wp-content/plugins/elementor/assets/lib/font-awesome/webfonts/fa-brands-400.svg]
[www.alliancehighschool.ac.ke/wp-content/plugins/elementor/assets/lib/font-awesome/webfonts/fa-solid-900d41d.eot]
[www.alliancehighschool.ac.ke/wp-content/plugins/elementor/assets/lib/font-awesome/webfonts/fa-solid-900.eot]
[www.alliancehighschool.ac.ke/wp-content/plugins/elementor/assets/lib/font-awesome/webfonts/fa-solid-900.woff2]
[www.alliancehighschool.ac.ke/wp-content/plugins/elementor/assets/lib/font-awesome/webfonts/fa-solid-900.woff]
[www.alliancehighschool.ac.ke/wp-content/plugins/elementor/assets/lib/font-awesome/css/solid.min52d5.css]
[www.alliancehighschool.ac.ke/wp-content/plugins/elementor/assets/lib/font-awesome/webfonts/fa-regular-400.eot]
[www.alliancehighschool.ac.ke/wp-content/plugins/elementor/assets/lib/font-awesome/webfonts/fa-solid-900.svg]
[www.alliancehighschool.ac.ke/wp-content/plugins/elementor/assets/lib/font-awesome/webfonts/fa-regular-400d41d.eot]
[www.alliancehighschool.ac.ke/wp-content/plugins/elementor/assets/lib/font-awesome/webfonts/fa-regular-400.woff2]
[www.alliancehighschool.ac.ke/wp-content/plugins/elementor/assets/lib/font-awesome/webfonts/fa-regular-400.woff]
[www.alliancehighschool.ac.ke/wp-content/plugins/elementor/assets/lib/font-awesome/webfonts/fa-solid-900.ttf]
[www.alliancehighschool.ac.ke/wp-content/plugins/elementor/assets/lib/font-awesome/webfonts/fa-regular-400.ttf]
[www.alliancehighschool.ac.ke/wp-content/plugins/elementor/assets/lib/font-awesome/css/regular.min52d5.css]
[www.alliancehighschool.ac.ke/wp-content/themes/blocksy/static/bundle/no-scripts.min.css]
[www.alliancehighschool.ac.ke/wp-content/plugins/elementor/assets/lib/font-awesome/webfonts/fa-regular-400.svg]
[www.alliancehighschool.ac.ke/wp-content/uploads/elementor/css/post-17da42.css]
[www.alliancehighschool.ac.ke/wp-json/wp/v2/pages/17.json]
[www.alliancehighschool.ac.ke/wp-json/oembed/1.0/embedcc2a.json]
[www.alliancehighschool.ac.ke/wp-json/oembed/1.0/embed5b6d]
[www.alliancehighschool.ac.ke/wp-content/uploads/2023/03/fd-97_065_52730353386_o.jpg]
[www.alliancehighschool.ac.ke/wp-content/uploads/2023/04/zz-testimonial3.png]
[www.alliancehighschool.ac.ke/wp-content/uploads/2023/03/fd-97_261_52730848298_o-1024x683.jpg]
[www.alliancehighschool.ac.ke/wp-content/uploads/2023/03/fd-97_298_52730850638_o-1024x683.jpg]
[www.alliancehighschool.ac.ke/wp-content/uploads/2023/03/fd-97_411_52730787925_o-1024x683.jpg]
[www.alliancehighschool.ac.ke/about/index.html]
[www.alliancehighschool.ac.ke/wp-content/uploads/elementor/css/post-164730.css]
[www.alliancehighschool.ac.ke/wp-json/wp/v2/pages/16.json]
[www.alliancehighschool.ac.ke/wp-json/oembed/1.0/embeda865.json]
[www.alliancehighschool.ac.ke/wp-json/oembed/1.0/embed4c05]
[www.alliancehighschool.ac.ke/wp-content/uploads/2023/03/52730601679_5673f6a93a_o.jpg]
[www.alliancehighschool.ac.ke/wp-content/uploads/2023/03/fd-97_426_52730860338_o-1024x683.jpg]
[www.alliancehighschool.ac.ke/wp-content/uploads/2023/03/fd-97_065_52730353386_o-1024x683.jpg]
[www.alliancehighschool.ac.ke/wp-content/uploads/2023/03/fd-97_260_52730848218_o-1024x683.jpg]
[www.alliancehighschool.ac.ke/wp-content/uploads/2023/03/fd-97_428_52730860403_o-1024x683.jpg]
[www.alliancehighschool.ac.ke/service/index.html]
[www.alliancehighschool.ac.ke/wp-content/uploads/elementor/css/post-361d28d.css]
[www.alliancehighschool.ac.ke/wp-json/wp/v2/pages/361.json]
[www.alliancehighschool.ac.ke/wp-json/oembed/1.0/embed4c17.json]
[www.alliancehighschool.ac.ke/wp-json/oembed/1.0/embedf04d]
[www.alliancehighschool.ac.ke/wp-content/uploads/2023/04/cross-sunset-silhouette-1772560.jpg]
[www.alliancehighschool.ac.ke/wp-content/plugins/elementor/assets/css/widget-icon-box.min.css]
[www.alliancehighschool.ac.ke/the-school/index.html]
[www.alliancehighschool.ac.ke/wp-content/uploads/elementor/css/post-184bfa.css]
[www.alliancehighschool.ac.ke/wp-json/wp/v2/pages/18.json]
[www.alliancehighschool.ac.ke/wp-json/oembed/1.0/embed79a1.json]
[www.alliancehighschool.ac.ke/wp-json/oembed/1.0/embed1c19]
[www.alliancehighschool.ac.ke/wp-content/uploads/2023/03/chapel_2-1024x768.jpg]
[www.alliancehighschool.ac.ke/home/index.html]
[www.alliancehighschool.ac.ke/wp-content/uploads/elementor/css/post-498fe03.css]
[www.alliancehighschool.ac.ke/wp-json/wp/v2/pages/498.json]
[www.alliancehighschool.ac.ke/wp-json/oembed/1.0/embed38e0.json]
[www.alliancehighschool.ac.ke/wp-json/oembed/1.0/embed1802]
[www.alliancehighschool.ac.ke/wp-content/uploads/2024/01/WhatsApp-Image-2024-01-11-at-4.36.35-PM.jpg]
[www.alliancehighschool.ac.ke/wp-content/uploads/2024/01/WhatsApp-Image-2024-01-11-at-4.36.35-PM-300x300.jpg]
[www.alliancehighschool.ac.ke/wp-content/uploads/2024/01/WhatsApp-Image-2024-01-11-at-4.36.37-PM.jpg]
[www.alliancehighschool.ac.ke/wp-content/uploads/2024/01/WhatsApp-Image-2024-01-11-at-4.36.37-PM-300x300.jpg]
[www.alliancehighschool.ac.ke/wp-content/uploads/2023/03/fd-97_017_52729826512_o.jpg]
[www.alliancehighschool.ac.ke/wp-content/uploads/2023/03/fd-97_017_52729826512_o-300x200.jpg]
[www.alliancehighschool.ac.ke/wp-content/uploads/2023/03/fd-97_126_52729832257_o.jpg]
[www.alliancehighschool.ac.ke/wp-content/uploads/2023/03/fd-97_126_52729832257_o-300x200.jpg]
[www.alliancehighschool.ac.ke/wp-content/uploads/2024/01/WhatsApp-Image-2024-01-11-at-4.36.40-PM-1.jpg]
[www.alliancehighschool.ac.ke/wp-content/uploads/2024/01/WhatsApp-Image-2024-01-11-at-4.36.40-PM-1-300x300.jpg]
[www.alliancehighschool.ac.ke/wp-content/uploads/2024/01/WhatsApp-Image-2024-01-11-at-4.36.38-PM-1.jpg]
[www.alliancehighschool.ac.ke/wp-content/uploads/2024/01/WhatsApp-Image-2024-01-11-at-4.36.38-PM-1-300x300.jpg]
[www.alliancehighschool.ac.ke/wp-content/uploads/2024/01/WhatsApp-Image-2024-01-11-at-4.36.39-PM.jpg]
[www.alliancehighschool.ac.ke/wp-content/uploads/2024/01/WhatsApp-Image-2024-01-11-at-4.36.39-PM-300x300.jpg]
[www.alliancehighschool.ac.ke/wp-content/uploads/2024/01/WhatsApp-Image-2024-01-11-at-4.36.38-PM.jpg]
[www.alliancehighschool.ac.ke/wp-content/uploads/2024/01/WhatsApp-Image-2024-01-11-at-4.36.38-PM-300x300.jpg]
[www.alliancehighschool.ac.ke/wp-content/uploads/2023/04/heads_of_four_sponsoring_Churches.jpg]
[www.alliancehighschool.ac.ke/wp-content/uploads/2023/04/heads_of_four_sponsoring_Churches-300x300.jpg]
[www.alliancehighschool.ac.ke/wp-content/uploads/2023/03/fd-97_091_52730838253_o.jpg]
[www.alliancehighschool.ac.ke/wp-content/uploads/2023/03/fd-97_091_52730838253_o-300x200.jpg]
[www.alliancehighschool.ac.ke/wp-content/uploads/2024/01/WhatsApp-Image-2024-01-11-at-4.36.39-PM-1.jpg]
[www.alliancehighschool.ac.ke/wp-content/uploads/2024/01/WhatsApp-Image-2024-01-11-at-4.36.39-PM-1-300x300.jpg]
[www.alliancehighschool.ac.ke/wp-content/uploads/2023/03/fd-97_234_52730775825_o-300x200.jpg]
[www.alliancehighschool.ac.ke/wp-content/uploads/2024/01/WhatsApp-Image-2024-01-11-at-4.36.41-PM.jpg]
[www.alliancehighschool.ac.ke/wp-content/uploads/2024/01/WhatsApp-Image-2024-01-11-at-4.36.41-PM-300x300.jpg]
[www.alliancehighschool.ac.ke/wp-content/uploads/2024/01/WhatsApp-Image-2024-01-11-at-4.36.40-PM.jpg]
[www.alliancehighschool.ac.ke/wp-content/uploads/2024/01/WhatsApp-Image-2024-01-11-at-4.36.40-PM-300x300.jpg]
[www.alliancehighschool.ac.ke/wp-content/uploads/2023/03/mwangi_william_former.jpg]
[www.alliancehighschool.ac.ke/wp-content/uploads/2023/03/mwangi_william_former-300x225.jpg]
[www.alliancehighschool.ac.ke/wp-content/uploads/2023/03/fd-97_261_52730848298_o-300x200.jpg]
[www.alliancehighschool.ac.ke/wp-content/uploads/2024/01/WhatsApp-Image-2024-01-11-at-4.36.42-PM-1.jpg]
[www.alliancehighschool.ac.ke/wp-content/uploads/2024/01/WhatsApp-Image-2024-01-11-at-4.36.42-PM-1-300x300.jpg]
[www.alliancehighschool.ac.ke/wp-content/uploads/2023/03/fd-97_289_52730849928_o.jpg]
[www.alliancehighschool.ac.ke/wp-content/uploads/2023/03/fd-97_289_52730849928_o-300x200.jpg]
[www.alliancehighschool.ac.ke/wp-content/uploads/2023/03/fd-97_069_52730605014_o.jpg]
[www.alliancehighschool.ac.ke/wp-content/uploads/2023/03/fd-97_069_52730605014_o-300x200.jpg]
[www.alliancehighschool.ac.ke/wp-content/uploads/2023/03/fd-97_103_52730606819_o.jpg]
[www.alliancehighschool.ac.ke/wp-content/uploads/2023/03/fd-97_103_52730606819_o-300x200.jpg]
[www.alliancehighschool.ac.ke/wp-content/uploads/2023/03/fd-97_133_52729832627_o.jpg]
[www.alliancehighschool.ac.ke/wp-content/uploads/2023/03/fd-97_133_52729832627_o-300x200.jpg]
[www.alliancehighschool.ac.ke/wp-content/uploads/2023/03/fd-97_128_52730840023_o-1.jpg]
[www.alliancehighschool.ac.ke/wp-content/uploads/2023/03/fd-97_128_52730840023_o-1-300x200.jpg]
[www.alliancehighschool.ac.ke/wp-content/uploads/2023/03/fd-97_176_52730842638_o-300x200.jpg]
[www.alliancehighschool.ac.ke/wp-content/uploads/2024/01/WhatsApp-Image-2024-01-11-at-4.36.42-PM.jpg]
[www.alliancehighschool.ac.ke/wp-content/uploads/2024/01/WhatsApp-Image-2024-01-11-at-4.36.42-PM-300x300.jpg]
[www.alliancehighschool.ac.ke/wp-content/uploads/2024/01/WhatsApp-Image-2024-01-11-at-4.36.41-PM-1.jpg]
[www.alliancehighschool.ac.ke/wp-content/uploads/2024/01/WhatsApp-Image-2024-01-11-at-4.36.41-PM-1-300x300.jpg]
[www.alliancehighschool.ac.ke/wp-content/uploads/2023/03/fd-97_015_52729826412_o.jpg]
[www.alliancehighschool.ac.ke/wp-content/uploads/2023/03/fd-97_015_52729826412_o-300x200.jpg]
[www.alliancehighschool.ac.ke/wp-content/uploads/2024/01/WhatsApp-Image-2024-01-11-at-4.36.30-PM.jpg]
[www.alliancehighschool.ac.ke/wp-content/uploads/2024/01/WhatsApp-Image-2024-01-11-at-4.36.30-PM-300x300.jpg]
[www.alliancehighschool.ac.ke/wp-content/uploads/2023/03/fd-97_260_52730848218_o.jpg]
[www.alliancehighschool.ac.ke/wp-content/uploads/2023/03/fd-97_260_52730848218_o-300x200.jpg]
[www.alliancehighschool.ac.ke/photo-gallery/index.html]
[www.alliancehighschool.ac.ke/wp-content/uploads/elementor/css/post-41668df.css]
[www.alliancehighschool.ac.ke/wp-json/wp/v2/pages/416.json]
[www.alliancehighschool.ac.ke/wp-json/oembed/1.0/embed0355.json]
[www.alliancehighschool.ac.ke/wp-json/oembed/1.0/embedde64]
[www.alliancehighschool.ac.ke/ahs-tenders/index.html]
[www.alliancehighschool.ac.ke/wp-content/uploads/elementor/css/post-9572776.css]
[www.alliancehighschool.ac.ke/wp-json/wp/v2/pages/957.json]
[www.alliancehighschool.ac.ke/wp-json/oembed/1.0/embed8f79.json]
[www.alliancehighschool.ac.ke/wp-json/oembed/1.0/embedc8f1]
[www.alliancehighschool.ac.ke/wp-content/uploads/2023/12/AHS-SCHOOL-UNIFORM-INSTRUCTIONS-1.cd.delayed]
[www.alliancehighschool.ac.ke/wp-content/uploads/2023/12/AHS-SCHOOL-UNIFORM-INSTRUCTIONS.pdf]
[www.alliancehighschool.ac.ke/school-uniform/index.html]
[www.alliancehighschool.ac.ke/wp-content/uploads/elementor/css/post-1959c7.css]
[www.alliancehighschool.ac.ke/wp-json/wp/v2/pages/19.json]
[www.alliancehighschool.ac.ke/wp-json/oembed/1.0/embed2b00.json]
[www.alliancehighschool.ac.ke/contact/index.html]
[www.alliancehighschool.ac.ke/wp-json/oembed/1.0/embed4310]
[www.alliancehighschool.ac.ke/wp-content/themes/blocksy/static/bundle/comments.min68d7.css]
[www.alliancehighschool.ac.ke/see-alliance-youtube-channel/feed/index.html]
[www.alliancehighschool.ac.ke/wp-json/wp/v2/pages/948.json]
[www.alliancehighschool.ac.ke/wp-json/oembed/1.0/embed3727.json]
[www.alliancehighschool.ac.ke/wp-json/oembed/1.0/embedbf03]
[i.ytimg.com/vi/cEPunt27YuQ/mqdefault.jpg]
[www.alliancehighschool.ac.ke/wp-content/plugins/embedpress/assets/images/youtube/youtube-play.png]
[i.ytimg.com/vi/aApfTNdvIUE/mqdefault.jpg]
[i.ytimg.com/vi/lYYQ2uJxyeU/mqdefault.jpg]
[i.ytimg.com/vi/AOYjcmXMuwE/mqdefault.jpg]
[i.ytimg.com/vi/WBSe5C8XeAY/mqdefault.jpg]
[i.ytimg.com/vi/pOOoY6WcF4I/mqdefault.jpg]
[www.alliancehighschool.ac.ke/wp-content/plugins/embedpress/assets/images/youtube/spin.gif]
[www.alliancehighschool.ac.ke/see-alliance-youtube-channel/index.html]
[www.alliancehighschool.ac.ke/wp-content/plugins/elementor/assets/lib/animations/animations.mina3be.css]
[www.alliancehighschool.ac.ke/wp-includes/js/comment-reply.minb6a4.js]
[www.alliancehighschool.ac.ke/wp-content/plugins/elementor/assets/lib/eicons/fonts/eiconsd6bb.svg]
[www.alliancehighschool.ac.ke/wp-content/plugins/elementskit-lite/widgets/init/assets/img/cross-out.svg]
[www.alliancehighschool.ac.ke/wp-content/plugins/elementor/assets/lib/font-awesome/webfonts/fa-brands-400.svg]
[www.alliancehighschool.ac.ke/wp-content/plugins/elementor/assets/lib/font-awesome/webfonts/fa-solid-900.svg]
[www.alliancehighschool.ac.ke/wp-content/plugins/elementor/assets/lib/font-awesome/webfonts/fa-regular-400.svg]
[www.alliancehighschool.ac.ke/wp-content/uploads/2023/04/jean-philippe-delberghe-660138-unsplash.jpg]
[www.alliancehighschool.ac.ke/wp-content/uploads/2023/04/modern-essentials-798265-unsplash.jpg]
[www.alliancehighschool.ac.ke/wp-content/uploads/2023/03/chapel_2.jpg]
[www.alliancehighschool.ac.ke/wp-content/uploads/elementor/css/post-17da42.css]
[www.alliancehighschool.ac.ke/indexd8eb.html]
[www.alliancehighschool.ac.ke/wp-content/uploads/elementor/css/post-164730.css]
[www.alliancehighschool.ac.ke/index0e62.html]
[www.alliancehighschool.ac.ke/wp-content/uploads/elementor/css/post-361d28d.css]
[www.alliancehighschool.ac.ke/index76f0.html]
[www.alliancehighschool.ac.ke/wp-content/plugins/elementor/assets/css/widget-icon-box.min.css]
[www.alliancehighschool.ac.ke/wp-content/uploads/elementor/css/post-184bfa.css]
[www.alliancehighschool.ac.ke/index0735.html]
[www.alliancehighschool.ac.ke/wp-content/uploads/2023/03/fd-97_276_52730366126_o.jpg]
[www.alliancehighschool.ac.ke/wp-content/uploads/elementor/css/post-498fe03.css]
[www.alliancehighschool.ac.ke/index5b8d.html]
[www.alliancehighschool.ac.ke/wp-content/uploads/2023/03/three-students-working-flatlay.jpg]
[www.alliancehighschool.ac.ke/wp-content/uploads/elementor/css/post-41668df.css]
[www.alliancehighschool.ac.ke/index5750.html]
[www.alliancehighschool.ac.ke/wp-content/uploads/elementor/css/post-9572776.css]
[www.alliancehighschool.ac.ke/index9a38.html]
[www.alliancehighschool.ac.ke/wp-content/uploads/2023/12/AHS-SCHOOL-UNIFORM-INSTRUCTIONS-1.html]
[www.alliancehighschool.ac.ke/wp-content/uploads/2023/03/fd-97_206_52730362331_o.jpg]
[www.alliancehighschool.ac.ke/wp-content/uploads/2023/04/lee-miller-47629-unsplash.jpg]
[www.alliancehighschool.ac.ke/wp-content/uploads/elementor/css/post-1959c7.css]
[www.alliancehighschool.ac.ke/index5831.html]
[www.alliancehighschool.ac.ke/wp-content/themes/blocksy/static/bundle/comments.min68d7.css]
[www.alliancehighschool.ac.ke/indexeda8.html]
